adzygozzwvfnafovzoakrvsrbnqupsrz
ahcpjgdaflslogrlrepggeauelegjxqk
bbeyjlgpbwclkufjsqtiuumbegehbhen
bflyfmlqxdwcfspfsceirrojbcwodyat
brgpungcagijdhcxkrwqqilfnmtpwqsb
bvimifhrdpufsyvsuqajyodipcicfwln
bwoljvgjavfrluecujirwgovpzctnmgv
bwvlxsqnibdnlahxsqeokmxyzxztcpdt
catifhujrkdwficbguspdaduakebknfl
cpcgcgafkuewgdnoaiigwyekvbfzppoa
cronxozfuypexctmldjeyywepzhpapft
daxmgssbpzffdcgxmtepglkgncvwhkfg
dgrltzyxntyyroxvcdrcezaxznilwjvd
dleaoorncfokcdkpjjcxjvlohchcxasp
dsqfgyqxntzcrlzhqabegfzvtdpcyzsn
dxdfmpedegukzciavzuthrkdtxcjsiis
dxmstpqbtxlolofizwpcqftgckzkqkfc
dybhoyaszqqracyijsivjprmucnojtrz
eaargokcxjojopwvydzdiaanwcvgevbm
eemzumddvcrsphxktjdgoqywfucpyjsf
egqmjmstftsgcaduukqcvnuhjuvrdvad
eikfsaigucnruxnbybhnchhfzjexeynn
eqghufvzeilrelljnkyguhojzvclylmz
exkjwbgoblfxzcxkwoertuqulqnieplc
faxxtsxmlzyascupphpiekciivgzvkse
fiqwawkxeckabvjjxsckclozxyvwkoik
fklevkruxzzhfgylbdjzjiswrzxyudxp
flnzwggqegmnrmnanoscmohgccivpasd
fnnrclabytbogzrqkprrppcazqxduyti
fokswkjjcpgzpchjzfmepqzpzgnwullb
fqxquyzztqcpckqhkaybwxutyciodusq
fxjmgpmvozclhflrpbrrnxevkqhbvgim
gdcnfuywbsytpuclppxshxvxnjzmtzhf
gogogiqnqdjzpwfydwbjdyxsrisixvtg
gsllothggyyusqgdzzaczhaeitmymdxf
htmcqptzahzveabqzmeksmljczvileew
hythdjqxyxgbeadyavxrehohlkupyjrj
hzccwpqzmftzjdqmdzlunbfjytdjzlqx
iahyktgjacmzadxzcuzjzybycupnlngb
iatyjuhpwyygjivohfjfnqyilhnkygdr
iaxspzfxeneuusobysmnoqaghnsgywtb
ibcmkvaxyuwrqhxvsnudlsmvietswahu
ikfsxlvkxekcfabulfkjlkgjsyrxhvke
itbvbtfebxqgpochebzeeirmhhfvthmp
iuqnkpxafooyfrjosolafgfdlhqxrkyw
iyelvjkpujawbiokfapwyjmalttjneau
jaqqdufrqtnjxudkpydeqjmmqbedsvra
jetyxgvgodcigacpzsfisnncjzwcinvt
jwmkqybvljmxxvtfdfngrqnasjtpgnru
jzkqlrdxytljntspbriyyqpqvbtmpwwr
kgyqqajbcbkyqddfzvvzrajnfvilncmw
klysaytbptccheuvojooyfexwafqkbwb
kpfoekqmwxuldzctgizjeufprpsyoddx
kqrzabtdxykhdoiesxdpopcwepdssgrg
kvcdktqsgapvzbxexnghrzfbotumgktp
lbqywyjujnwjzkbdlgyzavyuyvfydgzu
ljtgmjdjncwultrglaplegwzleqmcpbf
luuuxrehnqaulfbwurdzocfncddagybq
miawfgumkthismjsrknbbzpvgzacyuok
mmpkyovpjakwtqnvrpsvldnxvayilkuk
mqxzgqctgwtqnvvlusqcnsrbkdxnysbx
mygioeevyweibmlrwkipjqrchvyvmszg
mylstytzxcllluaqpscclbnpikfbcnkt
nggxpyyjdofvqmivxxwqohxlerpchxwt
nofumrmqkyczqfvdenykpkihvvjmrbrr
otgegodtqayimwpwwdepaontvlqpcpgr
oxouaysripajvyhbgtdnsyewsezyqyfq
pfxktnywugsrzuhuotprlmabepigrnwv
ponvjgqfwjnwqrcizknypmsdvaoqmdfu
pqqnkxqetztyomfelqaykjejpglnygyq
puwsmcttypknvirilnjmddmsfkhpymla
qlpajkqzatoprlucewkwfzokbxbtxfct
qntstoqxbqbcmiretbsmeprcobmgoexq
qwpaaclayexvrgcacgntrowhcymrutjf
raiiyyagluoyvzbzvfhqjlydoqhatlis
rcqgoydloxwlifgnjomukilxmnwiyufw
rfinyzwsoisdamfrvgvpjhkqsjdfoafo
rnpcpchhuffkabjhieewjvoltxzoykmv
rnrpcigyqklmdkbhufpgsffkxpdifoax
rqxmpdoumgcsatdqrsmzthdcutkcyjse
rrvmylqsvioypycprrqmzaqdjjaoqlnk
rsvvjoaoglkfuwgstnuhncctnepbhceg
sdtcktpwplebnqowtoludnvazqjbgupj
snbvhnxeqckidzjeovtxgmsptaorbbon
svakyopgmqrqooxefhcrxxduxhzlrgkw
szqsoizxybeqopczyhpisqluosugcasm
tcbvdbpvfacsykxswwgpogbnhrpczvlc
tdgjmwsecldgcuesogwnaajzkohabzlu
tfbtxmbsvskpuswzsjadiohwykwezzhe
ttsepyxaieznwurqfooqkhpksphkfqki
tvlfxaoazgscjmrggbjzphabxreeqkqp
txisocjhigbjipiofvkatmursiiixhwl
ujcngqcvnxnpcotuyfmgqnurwiivibfl
uksvilvbsgaqkomqrrpnpmfsfzlyhiwf
umfwgsdkmhlevksxqzanxogipubzorit
upggnfqyvziekmnjgwdodhnudmpjppzr
utdpgvpsozjwnmfxmcdezdylikbsfjdq
utzniaxjmnbcnqzinwxrfjpjphcvxtmm
uubnanxaexjeiszkbhvlybrzqaumonxq
uwhbcyesgcisgosdvyjmfmtzbojexciu
uxugoobmuejesjpfkdnbujjnywkdkmwu
vfwykjjfpwqrjfedqvpeoudncukepjga
vjylyhmeumwfiiceyzmlrlkfwtbqflhe
vldpdvrkyttduyklfhtifeuwhtmwuhyl
vlvogrcakdlkpwaxdjyhlgjgmotunkhq
vrvhzdwupfeegafbanxmwemycerjqqng
vvhuwwtdgvfhxmxcizmexsfqdzhwopjw
waqtjrqmldsznxlzknyzfcgazatfebsk
wlqvnilvhdoxqlzilnisbdzucflfzcvh
wlxmvcjzyfkdyhmnvjevqijcjsholrxy
wvywfkdlyrpshrprdzorbmpqlbhyoudb
wxztzodrsllfpziozrrauezmawjwqrdf
xairjujdkucxbcsilyjkatyloqxepxdu
xbhqhamwenhjmabdvzxfynpxvjcbesgd
xdabzpufzkkuqqhilldsueuvkhgwghef
xqhvakiprqtlayiekgwaljyucsvoiwwm
xsbmtnvohddzaylrsgfgemrgjtowdtgs
yglswgrzjyigifccuksasncvpjbmqdyz
yneapfwjsuaulvldqqljwthfmnngvbso
yomygpavgwmiybhvrtclijtnvskeccdn
yqwvczvxhqlkfhjvwbheexiqgvuifuoi
ytzfbyphwmrgatmptbhqnxbnamhxgzyl
zgryjokeozrjartbcoqsqpdxesjikfbl
zhhtloglnlpimgellhvclyyfaunkonnm
znxiovfvydxrkhelxauasdzwntzgbtmz
zovogshnanjwbtghzxnsfvqkpdzrczdy
zvrlmlaauxzyyqthpbetggzerqpdyrdx
zzvhvfguntcxxehclzgfkvcyflygyayk
